network.station,latitude,longitude,elevation,gain
CI.CCC,35.524950,-117.364530,670.0,627368612.8
CI.CLC,35.815740,-117.597510,775.0,627369000.0
CI.DTP,35.267420,-117.845810,908.0,627368612.8
CI.JRC2,35.982490,-117.808850,1469.0,786737381.1
CI.LRL,35.479540,-117.682120,1340.0,629305000.0
CI.MPM,36.057990,-117.489010,1839.0,627368612.8
CI.SLA,35.890950,-117.283320,1174.0,619269333.3
CI.SRT,35.692350,-117.750510,667.0,629865000.0
CI.TOW2,35.808560,-117.764880,685.0,626887000.0
CI.WBM,35.608390,-117.890490,892.0,314768000.0
CI.WCS2,36.025210,-117.765260,1143.0,626887000.0
CI.WMF,36.117580,-117.854860,1537.4,627065666.7
CI.WNM,35.842200,-117.906160,974.3,69306200.0
CI.WRC2,35.947900,-117.650380,943.0,629865000.0
CI.WRV2,36.007740,-117.890400,1070.0,71427500.0
CI.WVP2,35.949390,-117.817690,1465.0,68019200.0
GS.CA01,35.665120,-117.423680,570.4,468849000.0
GS.CA02,35.829150,-117.355420,541.6,468849000.0
GS.CA03,35.622040,-117.569110,762.2,468849000.0
GS.CA04,35.478330,-117.560200,1005.4,468849000.0
GS.CA05,35.589260,-117.286890,612.1,468849000.0
GS.CA06,35.599620,-117.492680,796.4,468849000.0
PB.B916,36.192500,-117.668500,1859.9,781398000.0
PB.B917,35.405300,-117.258800,1192.0,781398000.0
PB.B918,35.935700,-117.601700,1042.6,781398000.0
PB.B921,35.586500,-117.462200,694.5,781398000.0
ZY.SV01,35.645500,-117.477600,602.0,471281000.0
ZY.SV02,35.885500,-117.704800,688.0,271118000.0
ZY.SV03,35.770500,-117.599700,671.0,471281000.0
ZY.SV04,35.902300,-117.701800,707.0,471281000.0
ZY.SV05,35.722400,-117.571900,664.0,471429000.0
ZY.SV06,35.601200,-117.381100,597.9,471429000.0
ZY.SV07,35.697600,-117.603200,664.0,274899000.0
ZY.SV08,35.576100,-117.418700,604.0,471429000.0