network.station,latitude,longitude,elevation
N.S3N04,39.29580,143.45440,-2490.0
N.S4N25,39.69760,143.37490,-2228.0
N.S4N24,39.63880,143.71540,-2936.0
N.S3N03,39.32310,143.12060,-1890.0
N.S3N05,39.19060,143.74990,-4308.0
N.S4N26,39.72450,143.03840,-1569.0
N.S4N23,39.77180,143.92590,-4358.0
N.S3N02,39.37460,142.79180,-1622.0
N.S3N06,39.04590,143.93050,-5440.0
N.S4N20,40.07430,143.32100,-1329.0
N.S4N27,39.74450,142.69030,-914.0
N.S4N21,40.08630,143.65720,-2456.0
N.S3N08,38.78260,143.47690,-2465.0
N.S3N07,38.83080,143.78460,-5231.0
N.S4N22,40.02600,143.95470,-4107.0
N.S3N09,38.77390,143.14370,-1779.0
N.S4N19,40.09040,142.96950,-1256.0
N.S3N10,38.86680,142.82120,-1310.0
N.S3N01,39.44970,142.45780,-940.0
N.S4N28,39.73850,142.34080,-569.0
N.S3N11,38.93490,142.48730,-1168.0
N.S4N18,40.10880,142.62220,-969.0
N.S6N09,39.51720,144.71910,-6054.0
N.S4N11,40.43530,143.54300,-2273.0
N.S6N10,39.00720,144.59150,-6160.0
N.S4N12,40.45150,143.20150,-1711.0
N.S4N10,40.43270,143.88870,-3897.0
N.S4N17,40.11650,142.39260,-681.0
N.S3N16,38.42620,143.17030,-2420.0
N.S3N17,38.39780,143.51390,-3020.0
N.S3N15,38.44870,142.83760,-1472.0
N.S4N13,40.51960,142.96170,-1537.0
N.S3N12,38.84120,142.18160,-558.0
N.S3N18,38.30630,143.78100,-5528.0
N.S6N08,40.03190,144.80890,-5900.0
N.S3N14,38.49930,142.50020,-1092.0
N.S4N09,40.55210,144.13320,-5095.0
N.S6N11,38.49900,144.45360,-6118.0
N.S4N16,40.32950,142.26730,-559.0
N.S4N14,40.59270,142.63400,-1393.0
N.S3N13,38.59010,142.18160,-573.0
N.S3N19,38.05940,143.74410,-5591.0
N.S4N08,40.78050,144.09050,-5060.0
N.TYSF,39.37720,141.59320,346.0
N.S4N15,40.59330,142.28440,-816.0
N.S4N07,40.88200,143.77460,-2613.0
N.S4N06,40.97180,143.44810,-1970.0
N.KSNF,38.97620,141.53010,260.0
N.S6N07,40.53600,144.93810,-6160.0
N.S3N23,38.02700,142.57350,-1220.0
N.IYGF,40.12170,141.58330,427.0
N.S4N05,41.04430,143.11380,-1940.0
N.S3N24,38.05690,142.23400,-849.0
N.S4N04,41.07620,142.77060,-1798.0
N.S4N03,41.01560,142.43140,-1425.0
N.S4N02,40.90690,142.10570,-858.0
N.S3N25,38.09720,141.89570,-230.0
N.S4N01,40.78810,141.78950,-139.0
N.S5N17,41.36430,143.45300,-2023.0
N.S5N23,40.95400,141.87620,-529.0
N.S5N16,41.37420,143.80060,-2380.0
N.S3N26,38.10600,141.55720,-128.0
N.S5N18,41.43510,143.12640,-1509.0
N.S5N22,41.19890,142.02710,-1029.0
N.S6N06,40.89990,145.39290,-6012.0
N.S5N15,41.49610,144.08790,-1950.0
N.S5N19,41.56070,142.81770,-986.0
N.S5N21,41.42480,142.21930,-1189.0
N.S5N20,41.60950,142.47870,-1165.0
N.TMRF,41.10160,141.38310,120.0
N.S5N09,41.52100,144.90500,-5100.0
N.S5N14,41.74750,144.17790,-1592.0
N.S5N10,41.65410,144.67160,-4103.0
N.OOWF,40.46890,140.50970,205.0
N.S5N08,41.53010,145.24830,-5980.0
N.S6N05,41.37170,145.60530,-6680.0
N.KSKF,38.25850,140.58330,318.0
N.GJMF,39.95550,140.11130,105.0
N.S5N13,41.97920,144.34450,-1607.0
N.S5N11,41.90720,144.69550,-2093.0
N.S5N07,41.66370,145.52910,-5953.0
N.S5N12,42.07840,144.63750,-1772.0
N.KMUF,42.23910,142.96250,177.0
N.S5N06,41.88400,145.65440,-5619.0
N.S5N05,42.06150,145.43700,-3813.0
N.S5N04,42.22860,145.20400,-3149.0
N.S5N03,42.48020,145.14330,-1985.0
N.HIDF,42.82080,142.41450,228.0
N.URHF,42.92980,143.67110,80.0
N.S5N02,42.64030,145.40630,-2042.0
N.KSRF,42.98200,144.48510,17.0
N.S5N01,42.76880,145.71150,-2052.0
N.IMGF,42.39280,140.14060,50.0
N.HSSF,42.96720,141.22860,220.0
N.NMRF,43.36730,145.73790,20.0
