station,latitude,longitude,elevation_m
A.ASMS,40.885667,140.874,-3
A.CHOG,41.327167,140.815333,0
A.HGTZ,40.982833,140.904,-11
A.HRDA,41.448833,140.881,2
A.IIZM,40.837333,140.495833,24
A.KKNI,41.724833,140.544333,-13
A.KRUC,40.846167,141.352833,5
A.KSWN,41.790667,141.150667,27
A.MYGA,38.524,141.471,13
A.MYGB,38.375167,141.463333,-83
A.MYGC,38.413833,141.169333,-87
A.NZWA,40.7055,140.7625,152
A.SGMR,41.293667,141.397333,9
A.SMFR,41.46,141.1075,34
A.SRNK,41.170833,141.3735,17
A.STBS,40.943667,140.626,13
A.STDJ,40.848667,140.985,132
A.TNAB,41.3145,141.158667,98
A.TRDT,41.1415,140.629667,9
A.TSRN,41.773667,140.8915,82
A.WKNS,41.145167,140.774833,-5
A.YNKW,41.316833,140.963667,87
AKKESH,42.998667,144.6925,20
AOHIGA,41.265333,141.337333,50
ASHORO,43.299333,143.765667,210
ATSUMA,42.622667,141.9205,12
AWASHI,38.459,139.245333,70
BIRAT2,42.780833,142.359833,170
CHURUI,42.616833,143.3585,120
E.SOB1,39.166667,143.239167,-2480
E.SOB2,39.203,142.984333,-1840
E.SOB3,39.245167,142.498,-1057
EDANAR,40.205667,141.709833,74
ENIWA,42.842667,141.446167,185
ERIMO,42.0185,143.1535,40
FOSAKI,38.602167,140.911167,29
FURANO,43.166,142.589667,360
HAMNAK,43.082833,145.160833,48
HINAI,40.191333,140.632333,140
HOKURY,43.745333,141.721,195
HR.IWS,40.478667,139.956833,110
HR.MMA,41.161167,140.41,90
HR.TMR,41.100833,141.383833,130
HU.AKK,43.019167,144.839667,80
HU.ERM,42.017667,143.153333,40
HU.ESH,41.886667,141.0075,40
HU.HAM,43.6155,141.379333,76
HU.HIC,42.892833,142.454833,210
HU.HSS,42.967167,141.228833,215
HU.HTU,43.2075,145.324833,75
HU.IMG,42.392667,140.140333,80
HU.IWN,42.673,143.042333,35
HU.KKJ,41.78,140.172333,30
HU.KMU,42.241333,142.9635,185
HU.KNP,43.762667,143.708167,180
HU.KUT,43.540667,144.3385,198
HU.MED,43.144833,141.258667,-495
HU.MUD,42.377833,142.698667,180
HU.MUJ,42.2855,142.582,35
HU.MYR,42.294667,143.2835,80
HU.NTK,42.309833,143.0355,550
HU.OON,41.921667,140.588833,150
HU.RUS,44.106667,145.243667,70
HU.SKB,43.240833,143.032833,460
HU.SRK,41.413,140.174,50
HU.STZ,42.970667,141.461,-383
HU.TES,43.485667,144.398833,220
HU.TKD,43.238833,142.930833,438
HU.TKO,42.784333,141.940333,65
HU.TMO,42.763333,141.775333,21
HU.URH,42.928667,143.67,100
HU2NUK,43.366167,143.193333,532
ICHINM,38.954667,141.216333,70
IWASAK,40.5955,140.0035,330
KAMIAS,44.118833,142.593,220
KAMIK2,43.875167,142.744167,350
KAWAUC,37.3695,140.871167,520
KAYABE,41.890167,141.028833,10
KOBUCH,38.310667,141.4655,58
KUZUMA,39.987333,141.326333,620
LG.IKM,41.483333,140.983333,35
LG.NKD,40.394833,141.292333,92
LG.OAT,40.629667,140.799,805
LG.SBG,40.641,141.272667,-230
LG.UTB,40.4425,140.950833,340
M.KOB1,41.687,144.3945,-2329
M.KOB2,41.940833,145.056167,-3428
M.KOB3,42.252833,144.810667,-2124
MARUMO,37.869,140.789667,100
MARUSE,44.009333,143.355833,460
MIYKNA,39.576667,141.819667,200
MOTOYO,38.810833,141.473833,67
N.201S,37.842833,141.3845,-102
N.203S,37.707333,141.965,-462
N.204S,37.673833,142.2975,-786
N.205S,37.601667,142.623667,-1781
N.206S,37.525833,142.935,-2945
N.207S,37.429,143.226667,-4767
N.301S,39.449667,142.457833,-940
N.302S,39.374667,142.791833,-1622
N.303S,39.323167,143.120667,-1890
N.304S,39.295833,143.454333,-2490
N.305S,39.190667,143.749833,-4308
N.306S,39.045833,143.9305,-5440
N.307S,38.830833,143.784667,-5231
N.308S,38.782667,143.476833,-2465
N.309S,38.773833,143.143667,-1779
N.310S,38.866833,142.821167,-1310
N.311S,38.934833,142.487333,-1168
N.312S,38.841167,142.181667,-558
N.313S,38.590167,142.181667,-573
N.314S,38.499333,142.500167,-1092
N.315S,38.448667,142.837667,-1472
N.316S,38.426167,143.170333,-2420
N.317S,38.397833,143.513833,-3020
N.318S,38.306333,143.781,-5528
N.319S,38.059333,143.744167,-5591
N.320S,37.931167,143.5675,-5225
N.321S,37.971333,143.245333,-2779
N.322S,37.983833,142.907167,-1645
N.323S,38.027,142.5735,-1220
N.324S,38.056833,142.234,-849
N.325S,38.097167,141.895667,-230
N.326S,38.106,141.557167,-128
N.401S,40.788167,141.7895,-139
N.402S,40.906833,142.105667,-858
N.403S,41.015667,142.431333,-1425
N.404S,41.076167,142.770667,-1798
N.405S,41.044333,143.113833,-1940
N.406S,40.971833,143.448167,-1970
N.407S,40.882,143.774667,-2613
N.408S,40.7805,144.0905,-5060
N.409S,40.552167,144.133167,-5095
N.410S,40.432667,143.888667,-3897
N.411S,40.435333,143.543,-2273
N.412S,40.4515,143.2015,-1711
N.413S,40.519667,142.961667,-1537
N.414S,40.592667,142.634,-1393
N.415S,40.593333,142.284333,-816
N.416S,40.3295,142.267333,-559
N.417S,40.1165,142.392667,-681
N.418S,40.108833,142.622167,-969
N.419S,40.090333,142.9695,-1256
N.420S,40.074333,143.321,-1329
N.421S,40.086333,143.657167,-2456
N.422S,40.026,143.954667,-4107
N.423S,39.771833,143.925833,-4358
N.424S,39.638833,143.715333,-2936
N.425S,39.697667,143.374833,-2228
N.426S,39.7245,143.038333,-1569
N.427S,39.7445,142.690333,-914
N.428S,39.7385,142.340833,-569
N.501S,42.768833,145.7115,-2052
N.502S,42.640333,145.406333,-2042
N.503S,42.480167,145.143333,-1985
N.504S,42.228667,145.204,-3149
N.505S,42.0615,145.437,-3813
N.506S,41.884,145.654333,-5619
N.507S,41.663667,145.529167,-5953
N.508S,41.530167,145.248333,-5980
N.509S,41.521,144.905,-5100
N.510S,41.654167,144.671667,-4103
N.511S,41.907167,144.6955,-2093
N.512S,42.078333,144.6375,-1772
N.513S,41.979167,144.3445,-1607
N.514S,41.7475,144.177833,-1592
N.515S,41.496167,144.087833,-1950
N.516S,41.374167,143.800667,-2380
N.517S,41.364333,143.453,-2023
N.518S,41.435167,143.126333,-1509
N.519S,41.560667,142.817667,-986
N.520S,41.6095,142.478667,-1165
N.521S,41.424833,142.219333,-1189
N.522S,41.198833,142.027167,-1029
N.523S,40.954,141.876167,-529
N.604S,41.665333,146.174667,-6950
N.605S,41.371667,145.605333,-6680
N.606S,40.899833,145.392833,-6012
N.607S,40.536,144.938167,-6160
N.608S,40.031833,144.808833,-5900
N.609S,39.517167,144.719167,-6054
N.610S,39.007167,144.5915,-6160
N.611S,38.499,144.453667,-6118
N.612S,37.987833,144.335667,-6111
N.613S,37.486167,144.175667,-6174
N.AGWH,43.084167,140.819833,-77
N.AJSH,40.761833,140.312167,-112
N.AMAH,42.648667,141.864167,-145
N.ANIH,39.981833,140.407167,44
N.ANNH,43.436167,144.084333,323
N.ANSH,43.114167,144.122833,-76
N.ASBH,41.985833,140.308333,-18
N.ASRH,40.139167,140.952833,207
N.ATKH,37.731667,139.882167,229
N.AYEH,43.382167,143.898333,224
N.AYWH,43.270833,143.431667,-2
N.BEEH,43.503833,142.600667,242
N.BKWH,43.39,144.802167,-129
N.BREH,42.706167,142.405333,120
N.BRWH,42.703167,142.229667,-18
N.CCNH,42.950167,140.8225,138
N.CHKH,39.071833,140.3185,74
N.CTSH,42.888,141.639833,-244
N.FBRH,43.234167,140.622833,-73
N.FGTH,38.710667,140.374333,-99
N.FRNH,43.369667,142.340833,94
N.FSTH,40.318833,140.234167,-76
N.FSWH,38.865333,141.351167,18
N.HBTH,43.121333,143.618667,-36
N.HHEH,40.579333,141.445167,-142
N.HMNH,39.455833,141.000167,119
N.HMSH,39.343333,141.047333,-52
N.HNKH,43.208333,145.116833,-226
N.HNRH,39.174,140.712833,178
N.HOBH,42.871333,142.1285,71
N.ICEH,38.969,141.001333,16
N.IHEH,40.081167,141.1915,328
N.IW2H,39.0095,140.864,115
N.IWNH,38.113333,140.844167,-91
N.IWZH,39.802,141.652,209
N.KAIH,41.837333,140.633167,-352
N.KAKH,38.515833,141.342167,-202
N.KANH,39.644167,141.597667,201
N.KASH,39.463,141.6775,451
N.KGSH,39.197833,141.011833,48
N.KHEH,40.153333,141.4245,264
N.KHYH,42.485167,139.967833,53
N.KI2H,36.880833,140.6545,293
N.KJNH,40.268667,141.783167,74
N.KJSH,40.086167,141.712,139
N.KKWH,38.920667,141.637667,-38
N.KMBH,42.768,140.976667,184
N.KMIH,39.274167,141.823333,-61
N.KMNH,42.6105,140.484167,38
N.KMYH,38.081333,140.297833,214
N.KOSH,40.456333,140.8395,299
N.KRIH,40.609167,140.664667,-5
N.KRMH,40.2705,141.570833,138
N.KSKF,38.2585,140.583333,319
N.KSRF,42.982,144.485167,18
N.KUCH,41.234,140.989667,-82
N.KUMH,42.134333,140.004,-32
N.KWAH,39.688333,140.4075,64
N.KWSH,38.180167,140.6405,43
N.KYMH,43.058667,141.806333,-94
N.KYOH,42.975833,140.622,-181
N.KZMH,39.939833,141.549167,469
N.KZNH,40.062167,140.808333,210
N.MBEH,42.593333,142.352167,54
N.MBWH,42.512667,142.038167,-212
N.MGMH,38.713167,140.554667,145
N.MKRH,42.763,140.808333,127
N.MMRH,42.892,143.060333,-131
N.MRRH,42.411667,141.001667,-164
N.MSAH,43.23,141.897833,-126
N.MSRH,38.699333,141.417667,-12
N.NCPH,42.597667,142.544667,203
N.NHEH,40.238333,141.342333,28
N.NHJH,40.856333,141.103333,-269
N.NHWH,40.261167,141.170833,124
N.NRKH,38.858667,140.651333,141
N.NSEH,39.5575,140.611667,-83
N.NSNH,39.814667,140.579,217
N.NSSH,39.663333,140.572167,-6
N.NWAH,40.449167,141.337333,-51
N.NYAH,40.548833,140.272667,56
N.OGCH,38.980167,140.495167,183
N.OHTH,42.647667,141.064333,148
N.OIWH,42.873833,141.819167,-42
N.OKEH,43.635167,143.51,190
N.OMRH,39.354833,140.386833,-36
N.OOMH,41.527333,140.912667,-92
N.OWNH,40.484167,140.5565,28
N.RIFH,38.34,140.955167,-1004
N.RKBH,43.468333,143.683,128
N.RKSH,40.966333,141.373833,-97
N.RNKH,42.830833,140.483167,-93
N.RZTH,39.030667,141.532,-22
N.SAIH,41.404833,140.856667,-172
N.SAMH,42.133,142.916333,-63
N.SCNH,43.384833,144.627833,-25
N.SCSH,43.213833,144.680333,-213
N.SHGH,40.462333,141.092333,163
N.SHZH,42.874167,142.883,318
N.SKSH,43.173833,142.917667,47
N.SKWH,38.131167,139.542667,-24
N.SMPH,43.040667,142.656167,467
N.SMTH,39.180833,141.390833,513
N.SNNH,43.160333,143.893667,73
N.SNSH,42.985667,143.984167,-74
N.SOIH,42.562833,141.349667,-159
N.SRUH,41.597667,140.420667,-147
N.STSH,43.677167,144.961833,61
N.SZKH,39.643667,140.9465,60
N.SZNH,42.349833,142.357167,-107
N.TAJH,38.590667,141.071,-81
N.TKIH,42.4865,143.152,259
N.TMRF,41.101667,141.383167,120
N.TMYH,39.825,141.382667,571
N.TOBH,43.408667,141.583667,-121
N.TOUH,39.334,141.3015,159
N.TOWH,38.786,141.325333,-66
N.TREH,43.22,144.4285,-208
N.TROH,39.7435,141.908667,98
N.TRSH,43.135833,144.3275,-188
N.TRWH,43.255667,144.233833,-217
N.TSRH,40.2755,140.459667,-58
N.TTKH,40.296167,141.0145,133
N.TURH,42.6415,140.665,110
N.TWEH,40.584667,141.154667,-17
N.TWWH,40.58,140.995,138
N.TYRH,42.811333,143.520333,-92
N.TYSF,39.377167,141.593167,346
N.TZWH,38.749833,140.178,-137
N.WSMH,43.975333,142.283333,89
N.YHBH,39.614833,141.092833,71
N.YJMH,39.222333,140.128333,41
N.YMDH,39.473333,141.933667,-88
N.YUBH,42.993,142.0085,-6
N.YUZH,39.191167,140.471,-107
NAKASH,43.587833,144.715,220
NANGO,40.376167,141.511667,270
NOBORI,42.471167,141.034667,110
NOBUKA,42.2825,142.748833,115
OFUNAI,39.083,141.6655,180
OHASAM,39.475833,141.288833,210
OHATA,41.384667,141.044667,80
OKURA,38.3685,140.6605,390
OKUSHM,42.085167,139.471667,79
OMATSU,41.524833,140.006833,27
ONBETS,42.905833,143.830833,60
OTAMA2,37.559833,140.333667,477
OURI,38.457333,141.345333,40
RAUSU,43.940333,145.118,10
ROKKAS,41.007333,141.366333,54
ROKUGO,39.399167,140.630333,200
SETANA,42.4225,139.876667,20
SHAKOT,43.354833,140.472,10
SHIMAM,42.6455,140.041333,72
SHIPPU,43.275333,141.4175,60
SHIRAT,38.224,140.062167,300
SHIRIU,41.532167,140.414333,55
SHIUR2,41.060167,140.407667,60
SINHDK,42.409833,142.466667,79
SIZUKU,39.7415,140.952667,256
TANOHA,39.9415,141.86,200
TENMAB,40.7895,141.064667,130
THIROO,42.291333,143.298833,54
TOKOR2,44.1185,144.0855,74
TOYOSA,43.3675,145.738833,16
TU.AO5,38.252167,140.844333,-415
TU.DIT,39.064,141.422,400
TU.EN3,38.397833,141.597667,-265
TU.FD2,40.011833,141.854833,-245
TU.FKU,40.634333,139.911667,-320
TU.HD3,41.366667,141.414667,-235
TU.HOJ,39.342667,140.170667,140
TU.HSK,40.414667,141.5795,355
TU.IW3,39.555167,140.110833,-255
TU.KG2,39.389167,141.561667,-119
TU.KN5,38.276333,141.582667,-435
TU.KRS,39.266167,141.150167,150
TU.KSN,38.9765,141.53,280
TU.KTA,37.696667,140.892,160
TU.KWT,38.755833,140.7565,260
TU.MR3,38.498,140.422333,-40
TU.MY3,39.593167,141.976667,-220
TU.NSK,39.731167,140.542,260
TU.SN3,39.140167,141.763667,105
TU.SWU,39.489,140.789,445
TU.TB2,39.198,139.553333,-440
TU.WYG,38.742333,141.119667,-490
V.AKHC,39.768,140.806833,1205
V.AYBN,39.945167,140.7195,638
V.ESKS,41.79,141.149833,-57
V.HKNS,42.109167,140.6815,23
V.KRK2,38.940833,140.818,744
V.KUJG,42.491667,141.128,229
V.MEAK,43.351667,144.044833,693
V.TANS,42.671,141.334333,398
V.TKU2,39.8255,140.872667,629
V.UMG2,39.832333,141.040833,521
V.USSW,42.536667,140.8715,-47
YAKUM2,42.119667,140.3665,120
YATSUM,38.595833,139.7105,200
YKANEY,38.920667,140.355667,220
